<configuration verbose="false" debugMode="false">
  <generalConfiguration>
    <properties>
      <property name="rootPath" value="gs://vfpt-dh-rawingested"/>
      <property name="gcsOutputRootPath" value="gs://vfpt-dh-ckm-rawprepared"/>
    </properties>
  </generalConfiguration>
  <dataConversions>
    <dataConversion configurationId="008b1d8e-697d-47dc-856e-5798ec6c9b50" description="PT_pi_inp conversion">
      <properties>
        <property name="country" value="pt"/>
        <property name="datasource" value="mediatedcdrs"/>
        <property name="interface" value="pi_inp"/>
        <property name="version" value="1.0"/>
        <property name="input_file_partition_size" value="256M"/>
        <property name="bigQueryProject" value="dh"/>
        <property name="bigQueryDataCategory" value="ckm"/>
      </properties>
      <inputFileSelectionCriteria>
        <criteria name="MinimumNumberOfFiles" value="1"/>
      </inputFileSelectionCriteria>
      <dataRoot path="${rootPath}/${datasource}/${interface}/${version}"/>
      <conversionActions>
        <readAction name="ReadFromEncodedCsvAction">
          <files type="fixedWidth" charset="iso-8859-1" contains_header="false" ignore_trailing_columns="true">
                        </files>
        </readAction>
        <conversionAction name="BasicConversionAction"/>
        <writeActions>
          <writeAction name="WriteToBigQueryAction">
            <config>
              <dataset name="vf${country}_${bigQueryProject}_lake_${bigQueryDataCategory}_rawprepared_s"/>
              <tableName name="pi_inp"/>
            </config>
          </writeAction>
          <writeAction name="WriteToParquetAction">
            <config>
              <path>${gcsOutputRootPath}/${interface}/${version}/parquet</path>
            </config>
          </writeAction>
        </writeActions>
      </conversionActions>
      <schema>
        <field name="MSISDN" type="string" required="false" start="0" end="14"/>
        <field name="StartDateTime" type="string" required="false" start="15" end="28"/>
        <field name="PriceBand" type="string" required="false" start="29" end="44"/>
        <field name="PriceBandType" type="string" required="false" start="45" end="60"/>
        <field name="OfferType" type="string" required="false" start="61" end="76"/>
        <field name="Description" type="string" required="false" start="77" end="116"/>
        <field name="NetAmount" type="string" required="false" start="117" end="124"/>
        <field name="Quantity" type="string" required="false" start="125" end="130"/>
        <field name="ContentCategory" type="string" required="false" start="131" end="160"/>
        <field name="ContentProvider" type="string" required="false" start="161" end="176"/>
        <field name="TransactionID" type="string" required="false" start="177" end="196"/>
        <field name="BillType" type="string" required="false" start="197" end="201"/>
        <field name="UsageType" type="string" required="false" start="202" end="206"/>
        <field name="DescriptionId" type="string" required="false" start="207" end="211"/>
        <field name="ContentId" type="string" required="false" start="212" end="241"/>
        <field name="AuthorizationId" type="string" required="false" start="242" end="281"/>
        <field name="TaxRate" type="string" required="false" start="282" end="285"/>
        <field name="TotalAmount" type="string" required="false" start="286" end="293"/>
        <field name="Currency" type="string" required="false" start="294" end="301"/>
        <field name="PaymentType" type="string" required="false" start="302" end="307"/>
        <field name="PackageId" type="string" required="false" start="308" end="352"/>
        <field name="PackageType" type="string" required="false" start="353" end="367"/>
        <field name="PackageName" type="string" required="false" start="368" end="412"/>
        <field name="ServiceId" type="string" required="false" start="413" end="457"/>
        <field name="ServiceName" type="string" required="false" start="458" end="502"/>
        <field name="SupplierId" type="string" required="false" start="503" end="518"/>
        <field name="Volume" type="string" required="false" start="519" end="528"/>
        <field name="ContentSubCategory" type="string" required="false" start="529" end="558"/>
        <field name="DeliveryMechanism" type="string" required="false" start="559" end="578"/>
        <field name="ProductCategory" type="string" required="false" start="579" end="598"/>
        <field name="ProductSubCategory1" type="string" required="false" start="599" end="618"/>
        <field name="ProductSubCategory2" type="string" required="false" start="619" end="638"/>
        <field name="RevenueShareId" type="string" required="false" start="639" end="658"/>
        <field name="NRN" type="string" required="false" start="659" end="664"/>
        <field name="BillingNetAmount" type="string" required="false" start="665"/>
      </schema>
      <partitions>
        <partition name="year" fieldType="integer" position="0:4" source="column:StartDateTime"/>
        <partition name="month" fieldType="integer" position="4:6" source="column:StartDateTime"/>
        <partition name="day" fieldType="integer" position="6:8" source="column:StartDateTime"/>
      </partitions>
      <fieldActions>
        <fieldAction fieldName="MSISDN" actionType="function" actionParameter="removePhonePrefix"/>
        <fieldAction fieldName="MSISDN" actionType="function" actionParameter="anonymise" actionMethod="bdpmanon${anon_version}msisdn"/>
        <fieldAction fieldName="StartDateTime" actionType="function" actionParameter="standardiseDatetime" actionMethod="yyyyMMddHHmmss"/>
        <fieldAction fieldName="StartDateTime" actionType="function" actionParameter="anonymise" actionMethod="bdpmanon${anon_version}datetime"/>
        <fieldAction fieldName="AuthorizationId" actionType="function" actionParameter="anonymise" actionMethod="bdpmanon${anon_version}id"/>
        <fieldAction fieldName="PackageId" actionType="function" actionParameter="anonymise" actionMethod="bdpmanon${anon_version}id"/>
        <fieldAction fieldName="PackageType" actionType="function" actionParameter="anonymise" actionMethod="bdpmanon${anon_version}id"/>
        <fieldAction fieldName="PackageName" actionType="function" actionParameter="anonymise" actionMethod="bdpmanon${anon_version}id"/>
        <fieldAction fieldName="ServiceId" actionType="function" actionParameter="anonymise" actionMethod="bdpmanon${anon_version}id"/>
        <fieldAction fieldName="ServiceName" actionType="function" actionParameter="anonymise" actionMethod="bdpmanon${anon_version}id"/>
      </fieldActions>
    </dataConversion>
  </dataConversions>
</configuration>
