<configuration verbose="false" debugMode="false">
  <generalConfiguration>
    <properties>
      <property name="rootPath" value="gs://vfes-dh-rawingested"/>
      <property name="gcsOutputRootPath" value="gs://vfes-dh-cvm-rawprepared"/>
    </properties>
  </generalConfiguration>
  <dataConversions>
    <dataConversion configurationId="454bd408-99e2-4566-b1ec-d618a440b7a7" description="ES WEBMEGAPROD">
      <properties>
        <property name="country" value="es"/>
        <property name="datasource" value="cvm"/>
        <property name="interface" value="WEBMEGAPROD"/>
        <property name="version" value="1.0"/>
        <property name="DeleteInputDataAfterSuccessfulConversion" value="false"/>
        <property name="bigQueryProject" value="dh"/>
        <property name="bigQueryDataCategory" value="cvm"/>
      </properties>
      <inputFileSelectionCriteria>
        <criteria name="MinimumNumberOfFiles" value="1"/>
      </inputFileSelectionCriteria>
      <dataRoot path="${rootPath}/${datasource}/${interface}/${version}"/>
      <conversionActions>
        <readAction name="ReadFromCsvAction">
          <files type="delimited" separator="|" contains_header="true" ignore_trailing_columns="true" charset="utf-8"/>
        </readAction>
        <conversionAction name="BasicConversionAction"/>
        <writeActions>
          <writeAction name="WriteToBigQueryAction">
            <config>
              <dataset name="vf${country}_${bigQueryProject}_lake_${bigQueryDataCategory}_rawprepared_s"/>
              <tableName name="webmegaprod"/>
            </config>
          </writeAction>
          <writeAction name="WriteToParquetAction">
            <config>
              <path>${gcsOutputRootPath}/${interface}/${version}/parquet</path>
            </config>
          </writeAction>
        </writeActions>
      </conversionActions>
      <schema>
        <field name="COD_MEGAPRODUCTO" type="string" required="true"/>
        <field name="RGU" type="string" required="true"/>
        <field name="DESCRIPCION" type="string" required="true"/>
        <field name="CLASE" type="string" required="true"/>
        <field name="USUARIO_ULT_MOD" type="string" required="false"/>
        <field name="FECHA_ULT_MODIFICACION" type="timestamp" required="false" format="yyyyMMdd"/>
      </schema>
      <partitions>
        <partition name="year" position="29:33" source="filename"/>
        <partition name="month" position="27:29" source="filename"/>
        <partition name="day" position="25:27" source="filename"/>
      </partitions>
    </dataConversion>
  </dataConversions>
</configuration>

